write to file "employees.avro"
reading back from file "employees.avro" into seqâ€¦
read back 2000000 rows
