output for 2000000 items: size=64668687 bytes (codec "null")
reading backâ€¦
read back 2000000 rows
