output for 2000000 items: size=14005151 bytes (codec "deflate")
reading back from stringâ€¦
read back 2000000 rows
