write to file "employees.avro"
reading back from file "employees.avro" into list-of-arraysâ€¦
read back 2000000 rows
