0484188caa8c81833cf788c05db926235ea7133a88d709eaa9e4992d709fe75b  tmp.data
