1c54e6484656e60a0aa9bdfc3bfb19f597ae8ad33bca684a28ee7545df4815dc  tmp.data
