read from "users.avro"
user: {name: Alyssa, favorite_number: 256, favorite color: }
user: {name: Ben, favorite_number: 7, favorite color: red}
